#-----------------------------------------------------------
# Vivado v2018.2 (64-bit)
# SW Build 2258646 on Thu Jun 14 20:03:12 MDT 2018
# IP Build 2256618 on Thu Jun 14 22:10:49 MDT 2018
# Start of session at: Fri Aug  3 21:26:22 2018
# Process ID: 2916
# Current directory: C:/Users/dr-lt2/Desktop/github/NiteFury/Sample-Projects/TnD
# Command line: vivado.exe -gui_launcher_event rodinguilauncherevent8536 C:\Users\dr-lt2\Desktop\github\NiteFury\Sample-Projects\TnD\uEVB-TnD.xpr
# Log file: C:/Users/dr-lt2/Desktop/github/NiteFury/Sample-Projects/TnD/vivado.log
# Journal file: C:/Users/dr-lt2/Desktop/github/NiteFury/Sample-Projects/TnD\vivado.jou
#-----------------------------------------------------------
start_gui
open_project C:/Users/dr-lt2/Desktop/github/NiteFury/Sample-Projects/TnD/uEVB-TnD.xpr
update_compile_order -fileset sources_1
launch_runs synth_1 -jobs 4
wait_on_run synth_1
launch_runs impl_1 -jobs 6
wait_on_run impl_1
launch_runs impl_1 -to_step write_bitstream -jobs 6
reset_run design_1_xlslice_0_1_synth_1
reset_run design_1_xlslice_0_0_synth_1
reset_run design_1_c_counter_binary_0_1_synth_1
reset_run design_1_xlslice_1_0_synth_1
reset_run design_1_xlslice_0_2_synth_1
reset_run design_1_util_ds_buf_0_0_synth_1
reset_run synth_1
launch_runs synth_1 -jobs 6
wait_on_run synth_1
launch_runs impl_1 -jobs 6
wait_on_run impl_1
