#-----------------------------------------------------------
# Vivado v2018.2 (64-bit)
# SW Build 2258646 on Thu Jun 14 20:03:12 MDT 2018
# IP Build 2256618 on Thu Jun 14 22:10:49 MDT 2018
# Start of session at: Wed Oct 24 11:35:22 2018
# Process ID: 5612
# Current directory: C:/Users/dr-lt2/Desktop/github/NiteFury/Sample-Projects/TnD
# Command line: vivado.exe -gui_launcher_event rodinguilauncherevent3172 C:\Users\dr-lt2\Desktop\github\NiteFury\Sample-Projects\TnD\uEVB-TnD.xpr
# Log file: C:/Users/dr-lt2/Desktop/github/NiteFury/Sample-Projects/TnD/vivado.log
# Journal file: C:/Users/dr-lt2/Desktop/github/NiteFury/Sample-Projects/TnD\vivado.jou
#-----------------------------------------------------------
start_gui
open_project C:/Users/dr-lt2/Desktop/github/NiteFury/Sample-Projects/TnD/uEVB-TnD.xpr
report_ip_status -name ip_status 
update_compile_order -fileset sources_1
upgrade_ip -vlnv xilinx.com:ip:util_ds_buf:2.1 [get_ips  design_1_util_ds_buf_0_0] -log ip_upgrade.log
export_ip_user_files -of_objects [get_ips design_1_util_ds_buf_0_0] -no_script -sync -force -quiet
reset_run design_1_xlslice_0_1_synth_1
reset_run design_1_xlslice_0_0_synth_1
reset_run design_1_c_counter_binary_0_1_synth_1
reset_run design_1_xlslice_1_0_synth_1
reset_run design_1_xlslice_0_2_synth_1
reset_run synth_1
launch_runs synth_1 -jobs 6
wait_on_run synth_1
launch_runs impl_1 -jobs 6
wait_on_run impl_1
launch_runs impl_1 -to_step write_bitstream -jobs 6
wait_on_run impl_1
pwd
open_hw
connect_hw_server
open_hw_target
set_property PROGRAM.FILE {C:/Users/dr-lt2/Desktop/github/NiteFury/Sample-Projects/TnD/uEVB-TnD.runs/impl_1/design_1_wrapper.bit} [get_hw_devices xc7a200t_0]
current_hw_device [get_hw_devices xc7a200t_0]
refresh_hw_device -update_hw_probes false [lindex [get_hw_devices xc7a200t_0] 0]
create_hw_cfgmem -hw_device [lindex [get_hw_devices xc7a200t_0] 0] [lindex [get_cfgmem_parts {s25fl128sxxxxxx1-spi-x1_x2_x4}] 0]
set_property PROGRAM.BLANK_CHECK  0 [ get_property PROGRAM.HW_CFGMEM [lindex [get_hw_devices xc7a200t_0] 0]]
set_property PROGRAM.ERASE  1 [ get_property PROGRAM.HW_CFGMEM [lindex [get_hw_devices xc7a200t_0] 0]]
set_property PROGRAM.CFG_PROGRAM  1 [ get_property PROGRAM.HW_CFGMEM [lindex [get_hw_devices xc7a200t_0] 0]]
set_property PROGRAM.VERIFY  1 [ get_property PROGRAM.HW_CFGMEM [lindex [get_hw_devices xc7a200t_0] 0]]
set_property PROGRAM.CHECKSUM  0 [ get_property PROGRAM.HW_CFGMEM [lindex [get_hw_devices xc7a200t_0] 0]]
refresh_hw_device [lindex [get_hw_devices xc7a200t_0] 0]
set_property PROGRAM.ADDRESS_RANGE  {entire_device} [ get_property PROGRAM.HW_CFGMEM [lindex [get_hw_devices xc7a200t_0] 0]]
set_property PROGRAM.FILES [list "C:/Users/dr-lt2/Desktop/github/NiteFury/Sample-Projects/TnD/mcs/out.mcs" ] [ get_property PROGRAM.HW_CFGMEM [lindex [get_hw_devices xc7a200t_0] 0]]
set_property PROGRAM.PRM_FILE {} [ get_property PROGRAM.HW_CFGMEM [lindex [get_hw_devices xc7a200t_0] 0]]
set_property PROGRAM.UNUSED_PIN_TERMINATION {pull-none} [ get_property PROGRAM.HW_CFGMEM [lindex [get_hw_devices xc7a200t_0] 0]]
set_property PROGRAM.BLANK_CHECK  0 [ get_property PROGRAM.HW_CFGMEM [lindex [get_hw_devices xc7a200t_0] 0]]
set_property PROGRAM.ERASE  1 [ get_property PROGRAM.HW_CFGMEM [lindex [get_hw_devices xc7a200t_0] 0]]
set_property PROGRAM.CFG_PROGRAM  1 [ get_property PROGRAM.HW_CFGMEM [lindex [get_hw_devices xc7a200t_0] 0]]
set_property PROGRAM.VERIFY  1 [ get_property PROGRAM.HW_CFGMEM [lindex [get_hw_devices xc7a200t_0] 0]]
set_property PROGRAM.CHECKSUM  0 [ get_property PROGRAM.HW_CFGMEM [lindex [get_hw_devices xc7a200t_0] 0]]
startgroup 
if {![string equal [get_property PROGRAM.HW_CFGMEM_TYPE  [lindex [get_hw_devices xc7a200t_0] 0]] [get_property MEM_TYPE [get_property CFGMEM_PART [ get_property PROGRAM.HW_CFGMEM [lindex [get_hw_devices xc7a200t_0] 0]]]]] }  { create_hw_bitstream -hw_device [lindex [get_hw_devices xc7a200t_0] 0] [get_property PROGRAM.HW_CFGMEM_BITFILE [ lindex [get_hw_devices xc7a200t_0] 0]]; program_hw_devices [lindex [get_hw_devices xc7a200t_0] 0]; }; 
program_hw_cfgmem -hw_cfgmem [ get_property PROGRAM.HW_CFGMEM [lindex [get_hw_devices xc7a200t_0] 0]]
endgroup
